// Jest Snapshot v1, https://goo.gl/fbAQLP

exports[`Should FilmCard render correctly 1`] = `
<article
  className="small-movie-card catalog__movies-card"
  data-id={1}
  onMouseEnter={[Function]}
  onMouseLeave={[Function]}
>
  <a
    href="/films/1"
    onClick={[Function]}
  >
    <div
      className="small-movie-card__image"
    >
      <img
        alt="Bronson"
        height="175"
        src="https://assets.htmlacademy.ru/intensives/javascript-3/film/preview/bronson.jpg"
        width="280"
      />
    </div>
  </a>
  <h3
    className="small-movie-card__title"
  >
    <a
      className="small-movie-card__link"
      href="/films/1"
      onClick={[Function]}
    >
      Bronson
    </a>
  </h3>
</article>
`;
